// Jest Snapshot v1, https://goo.gl/fbAQLP

exports[`Order.js Right 1`] = `
<div
  className="Order"
>
  <div
    className="Order-header"
  >
    <span
      className="Order-shop"
    >
      Lamodник.ru
    </span>
    <span
      id="date"
    >
      22 декабря 2020 года
    </span>
  </div>
  <div
    className="Order-items"
  >
    <div
      className="Order-item"
      key="0"
    >
      Жакет - BOREAL5
    </div>
    <div
      className="Order-item"
      key="1"
    >
      Miss Gabby Костюм
    </div>
    <div
      className="Order-item"
      key="2"
    >
      Ostin перчатки мужские
    </div>
    <div
      className="Order-item"
      key="3"
    >
      Zara худи роз.
    </div>
  </div>
</div>
`;

exports[`Order.js empty order 1`] = `""`;

exports[`Order.js order is null 1`] = `""`;
